 /c/xampp/htdocs/cursophp
$ git init
Initialized empty Git repository in C:/xampp/htdocs/cursophp/.git/

/c/xampp/htdocs/cursophp (master)
$ git status
On branch master

No commits yet

Untracked files:
  (use "git add <file>..." to include in what will be committed)
        ex000/
        ex001/

nothing added to commit but untracked files present (use "git add" to track)

 /c/xampp/htdocs/cursophp (master)
$ git add .

 /c/xampp/htdocs/cursophp (master)
$ git status
On branch master

No commits yet

Changes to be committed:
  (use "git rm --cached <file>..." to unstage)
        new file:   ex000/index.php
        new file:   ex001/index.php


 /c/xampp/htdocs/cursophp (master)
$ git commit -m "primeiro commit"
Author identity unknown

*** Please tell me who you are.

Run

  git config --global user.email "you@example.com"
  git config --global user.name "Your Name"

to set your account's default identity.
Omit --global to set the identity only in this repository.

fatal: unable to auto-detect email address (got '-.(none)')

 /c/xampp/htdocs/cursophp (master)
$ git config --global user.email -----.-----@gmail.com

 /c/xampp/htdocs/cursophp (master)
$ git status
On branch master

No commits yet

Changes to be committed:
  (use "git rm --cached <file>..." to unstage)
        new file:   ex000/index.php
        new file:   ex001/index.php


 /c/xampp/htdocs/cursophp (master)
$ git commit -m "primeiro commit"
[master (root-commit) 56880cf] primeiro commit
 2 files changed, 37 insertions(+)
 create mode 100644 ex000/index.php
 create mode 100644 ex001/index.php

 /c/xampp/htdocs/cursophp (master)
$ git branch -M main

 /c/xampp/htdocs/cursophp (main)
$ git remote add origin https://github.com/PedroLivi2005/Curso_PHP_Moderno_Modulo_1.git

 /c/xampp/htdocs/cursophp (main)
$ git push -u origin main
info: please complete authentication in your browser...
Enumerating objects: 6, done.
Counting objects: 100% (6/6), done.
Delta compression using up to 4 threads
Compressing objects: 100% (4/4), done.
Writing objects: 100% (6/6), 767 bytes | 17.00 KiB/s, done.
Total 6 (delta 0), reused 0 (delta 0), pack-reused 0 (from 0)
To https://github.com/PedroLivi2005/Curso_PHP_Moderno_Modulo_1.git
 * [new branch]      main -> main
branch 'main' set up to track 'origin/main'.

 /c/xampp/htdocs/cursophp (main)
$

no trabalho para puxar modificações que foi feita em casa, basta usar git pull na pasta cursophp
